Archive member included because of file (symbol)

C:/Program Files (x86)/SEGGER/SEGGER Embedded Studio 2.14/lib/libc_v7em_t_le_eabi.a(libc2.o)
                              Output/blinky_blank_pca10040 Debug/Obj/SEGGER_RTT_SES.o (vsnprintf)
C:/Program Files (x86)/SEGGER/SEGGER Embedded Studio 2.14/lib/libc_v7em_t_le_eabi.a(libc2_asm.o)
                              Output/blinky_blank_pca10040 Debug/Obj/SEGGER_RTT.o (memcpy)
C:/Program Files (x86)/SEGGER/SEGGER Embedded Studio 2.14/lib/libc_v7em_t_le_eabi.a(libc_asm.o)
                              C:/Program Files (x86)/SEGGER/SEGGER Embedded Studio 2.14/lib/libc_v7em_t_le_eabi.a(libc2.o) (__aeabi_uldivmod)
C:/Program Files (x86)/SEGGER/SEGGER Embedded Studio 2.14/lib/libm_v7em_t_le_eabi.a(libm_asm.o)
                              C:/Program Files (x86)/SEGGER/SEGGER Embedded Studio 2.14/lib/libc_v7em_t_le_eabi.a(libc2.o) (__aeabi_i2f)
C:/Program Files (x86)/SEGGER/SEGGER Embedded Studio 2.14/lib/libm_v7em_t_le_eabi.a(libm2.o)
                              C:/Program Files (x86)/SEGGER/SEGGER Embedded Studio 2.14/lib/libvfprintf_v7em_t_le_eabi.o (frexp)
C:/Program Files (x86)/SEGGER/SEGGER Embedded Studio 2.14/lib/libm_v7em_t_le_eabi.a(libm2_asm.o)
                              C:/Program Files (x86)/SEGGER/SEGGER Embedded Studio 2.14/lib/libm_v7em_t_le_eabi.a(libm2.o) (fabs)

Discarded input sections

 .group         0x00000000        0x8 Output/blinky_blank_pca10040 Debug/Obj/main.o
 .group         0x00000000        0x8 Output/blinky_blank_pca10040 Debug/Obj/main.o
 .group         0x00000000        0x8 Output/blinky_blank_pca10040 Debug/Obj/main.o
 .group         0x00000000        0x8 Output/blinky_blank_pca10040 Debug/Obj/main.o
 .group         0x00000000        0x8 Output/blinky_blank_pca10040 Debug/Obj/main.o
 .group         0x00000000        0x8 Output/blinky_blank_pca10040 Debug/Obj/main.o
 .group         0x00000000        0x8 Output/blinky_blank_pca10040 Debug/Obj/main.o
 .group         0x00000000        0x8 Output/blinky_blank_pca10040 Debug/Obj/main.o
 .group         0x00000000        0x8 Output/blinky_blank_pca10040 Debug/Obj/main.o
 .group         0x00000000        0x8 Output/blinky_blank_pca10040 Debug/Obj/main.o
 .group         0x00000000        0x8 Output/blinky_blank_pca10040 Debug/Obj/main.o
 .group         0x00000000        0x8 Output/blinky_blank_pca10040 Debug/Obj/main.o
 .group         0x00000000        0x8 Output/blinky_blank_pca10040 Debug/Obj/main.o
 .group         0x00000000        0x8 Output/blinky_blank_pca10040 Debug/Obj/main.o
 .group         0x00000000        0x8 Output/blinky_blank_pca10040 Debug/Obj/main.o
 .group         0x00000000        0x8 Output/blinky_blank_pca10040 Debug/Obj/main.o
 .text          0x00000000        0x0 Output/blinky_blank_pca10040 Debug/Obj/main.o
 .data          0x00000000        0x0 Output/blinky_blank_pca10040 Debug/Obj/main.o
 .bss           0x00000000        0x0 Output/blinky_blank_pca10040 Debug/Obj/main.o
 .group         0x00000000        0x8 Output/blinky_blank_pca10040 Debug/Obj/nrf_delay.o
 .group         0x00000000        0x8 Output/blinky_blank_pca10040 Debug/Obj/nrf_delay.o
 .group         0x00000000        0x8 Output/blinky_blank_pca10040 Debug/Obj/nrf_delay.o
 .group         0x00000000        0x8 Output/blinky_blank_pca10040 Debug/Obj/nrf_delay.o
 .group         0x00000000        0x8 Output/blinky_blank_pca10040 Debug/Obj/nrf_delay.o
 .group         0x00000000        0x8 Output/blinky_blank_pca10040 Debug/Obj/nrf_delay.o
 .group         0x00000000        0x8 Output/blinky_blank_pca10040 Debug/Obj/nrf_delay.o
 .group         0x00000000        0x8 Output/blinky_blank_pca10040 Debug/Obj/nrf_delay.o
 .group         0x00000000        0x8 Output/blinky_blank_pca10040 Debug/Obj/nrf_delay.o
 .group         0x00000000        0x8 Output/blinky_blank_pca10040 Debug/Obj/nrf_delay.o
 .group         0x00000000        0x8 Output/blinky_blank_pca10040 Debug/Obj/nrf_delay.o
 .group         0x00000000        0x8 Output/blinky_blank_pca10040 Debug/Obj/nrf_delay.o
 .group         0x00000000        0x8 Output/blinky_blank_pca10040 Debug/Obj/nrf_delay.o
 .group         0x00000000        0x8 Output/blinky_blank_pca10040 Debug/Obj/nrf_delay.o
 .text          0x00000000        0x0 Output/blinky_blank_pca10040 Debug/Obj/nrf_delay.o
 .data          0x00000000        0x0 Output/blinky_blank_pca10040 Debug/Obj/nrf_delay.o
 .bss           0x00000000        0x0 Output/blinky_blank_pca10040 Debug/Obj/nrf_delay.o
 .debug_macro   0x00000000      0x8ec Output/blinky_blank_pca10040 Debug/Obj/nrf_delay.o
 .debug_macro   0x00000000       0x1c Output/blinky_blank_pca10040 Debug/Obj/nrf_delay.o
 .debug_macro   0x00000000       0x2d Output/blinky_blank_pca10040 Debug/Obj/nrf_delay.o
 .debug_macro   0x00000000       0x3b Output/blinky_blank_pca10040 Debug/Obj/nrf_delay.o
 .debug_macro   0x00000000      0x189 Output/blinky_blank_pca10040 Debug/Obj/nrf_delay.o
[...]
Memory Configuration

Name             Origin             Length             Attributes
UNPLACED_SECTIONS 0xffffffff         0x00000000         xw
SRAM             0x20000000         0x00010000         xw
FLASH            0x00000000         0x00080000         xr
*default*        0x00000000         0xffffffff

Linker script and memory map

                0x00000000                __vfprintf = __vfprintf_int_nwp
                0x00000000                __vfscanf = __vfscanf_int
                0x20000000                __SRAM_segment_start__ = 0x20000000
                0x20010000                __SRAM_segment_end__ = 0x20010000
                0x00010000                __SRAM_segment_size__ = 0x10000
                0x00000000                __FLASH_segment_start__ = 0x0
                0x00080000                __FLASH_segment_end__ = 0x80000
                0x00080000                __FLASH_segment_size__ = 0x80000
                0x00000400                __HEAPSIZE__ = 0x400
                0x00000000                __STACKSIZE_ABT__ = 0x0
                0x00000000                __STACKSIZE_FIQ__ = 0x0
                0x00000000                __STACKSIZE_IRQ__ = 0x0
                0x00000000                __STACKSIZE_PROCESS__ = 0x0
                0x00000000                __STACKSIZE_SVC__ = 0x0
                0x00000000                __STACKSIZE_UND__ = 0x0
                0x00000400                __STACKSIZE__ = 0x400
                0x20000000                __vectors_ram_load_start__ = ALIGN (__SRAM_segment_start__, 0x100)

.vectors_ram    0x20000000        0x0
                0x20000000                __vectors_ram_start__ = .
 *(.vectors_ram .vectors_ram.*)
                0x20000000                __vectors_ram_end__ = (__vectors_ram_start__ + SIZEOF (.vectors_ram))
                0x00000000                __vectors_ram_size__ = SIZEOF (.vectors_ram)
                0x20000000                __vectors_ram_load_end__ = __vectors_ram_end__
                0x00000001                . = ASSERT (((__vectors_ram_start__ == __vectors_ram_end__) || ((__vectors_ram_end__ >= __SRAM_segment_start__) && (__vectors_ram_end__ <= __SRAM_segment_end__))), error: .vectors_ram is too large to fit in SRAM memory segment)
                0x00000000                __vectors_load_start__ = ALIGN (__FLASH_segment_start__, 0x100)

.vectors        0x00000000       0xd8
                0x00000000                __vectors_start__ = .
 *(.vectors .vectors.*)
 .vectors       0x00000000       0xd8 Output/blinky_blank_pca10040 Debug/Obj/ses_nrf52_startup.o
                0x00000000                _vectors
                0x000000d8                __vectors_end__ = (__vectors_start__ + SIZEOF (.vectors))
                0x000000d8                __vectors_size__ = SIZEOF (.vectors)
                0x000000d8                __vectors_load_end__ = __vectors_end__
                0x00000001                . = ASSERT (((__vectors_start__ == __vectors_end__) || ((__vectors_end__ >= __FLASH_segment_start__) && (__vectors_end__ <= __FLASH_segment_end__))), error: .vectors is too large to fit in FLASH memory segment)
                0x000000d8                __init_load_start__ = ALIGN (__vectors_end__, 0x4)

.init           0x000000d8      0x1c4
                0x000000d8                __init_start__ = .
 *(.init .init.*)
 .init          0x000000d8      0x158 Output/blinky_blank_pca10040 Debug/Obj/thumb_crt0.o
                0x000000d8                _start
                0x0000018a                exit
 .init          0x00000230       0x6c Output/blinky_blank_pca10040 Debug/Obj/ses_nrf52_startup.o
                0x00000230                NMI_Handler
                0x00000232                HardFault_Handler
                0x00000234                MemoryManagement_Handler
                0x00000236                BusFault_Handler
                0x00000238                UsageFault_Handler
                0x0000023a                SVC_Handler
                0x0000023c                DebugMon_Handler
                0x0000023e                PendSV_Handler
                0x00000240                SysTick_Handler
                0x00000242                POWER_CLOCK_IRQHandler
                0x00000244                RADIO_IRQHandler
                0x00000246                UARTE0_UART0_IRQHandler
                0x00000248                SPIM0_SPIS0_TWIM0_TWIS0_SPI0_TWI0_IRQHandler
                0x0000024a                SPIM1_SPIS1_TWIM1_TWIS1_SPI1_TWI1_IRQHandler
                0x0000024c                NFCT_IRQHandler
                0x0000024e                GPIOTE_IRQHandler
                0x00000250                SAADC_IRQHandler
                0x00000252                TIMER0_IRQHandler
                0x00000254                TIMER1_IRQHandler
                0x00000256                TIMER2_IRQHandler
                0x00000258                RTC0_IRQHandler
                0x0000025a                TEMP_IRQHandler
                0x0000025c                RNG_IRQHandler
                0x0000025e                ECB_IRQHandler
                0x00000260                CCM_AAR_IRQHandler
                0x00000262                WDT_IRQHandler
                0x00000264                RTC1_IRQHandler
                0x00000266                QDEC_IRQHandler
                0x00000268                COMP_LPCOMP_IRQHandler
                0x0000026a                SWI0_EGU0_IRQHandler
                0x0000026c                SWI1_EGU1_IRQHandler
                0x0000026e                SWI2_EGU2_IRQHandler
                0x00000270                SWI3_EGU3_IRQHandler
                0x00000272                SWI4_EGU4_IRQHandler
                0x00000274                SWI5_EGU5_IRQHandler
                0x00000276                TIMER3_IRQHandler
                0x00000278                TIMER4_IRQHandler
                0x0000027a                PWM0_IRQHandler
                0x0000027c                PDM_IRQHandler
                0x0000027e                MWU_IRQHandler
                0x00000280                PWM1_IRQHandler
                0x00000282                PWM2_IRQHandler
                0x00000284                SPIM2_SPIS2_SPI2_IRQHandler
                0x00000286                RTC2_IRQHandler
                0x00000288                I2S_IRQHandler
                0x0000028a                reset_handler
                0x0000029c                __init_end__ = (__init_start__ + SIZEOF (.init))
                0x000001c4                __init_size__ = SIZEOF (.init)
                0x0000029c                __init_load_end__ = __init_end__
                0x00000001                . = ASSERT (((__init_start__ == __init_end__) || ((__init_end__ >= __FLASH_segment_start__) && (__init_end__ <= __FLASH_segment_end__))), error: .init is too large to fit in FLASH memory segment)
                0x0000029c                __init_rodata_load_start__ = ALIGN (__init_end__, 0x4)

.init_rodata    0x0000029c        0x0
                0x0000029c                __init_rodata_start__ = .
 *(.init_rodata .init_rodata.*)
                0x0000029c                __init_rodata_end__ = (__init_rodata_start__ + SIZEOF (.init_rodata))
                0x00000000                __init_rodata_size__ = SIZEOF (.init_rodata)
                0x0000029c                __init_rodata_load_end__ = __init_rodata_end__
                0x00000001                . = ASSERT (((__init_rodata_start__ == __init_rodata_end__) || ((__init_rodata_end__ >= __FLASH_segment_start__) && (__init_rodata_end__ <= __FLASH_segment_end__))), error: .init_rodata is too large to fit in FLASH memory segment)
                0x0000029c                __text_load_start__ = ALIGN (__init_rodata_end__, 0x4)

.text           0x0000029c      0x5f0
                0x0000029c                __text_start__ = .
 *(.text .text.* .glue_7t .glue_7 .gnu.linkonce.t.* .gcc_except_table .ARM.extab* .gnu.linkonce.armextab.*)
 .glue_7        0x00000000        0x0 linker stubs
 .glue_7t       0x00000000        0x0 linker stubs
 .text.nrf_gpio_cfg
                0x0000029c       0x4c Output/blinky_blank_pca10040 Debug/Obj/main.o
 .text.nrf_gpio_cfg_output
                0x000002e8       0x24 Output/blinky_blank_pca10040 Debug/Obj/main.o
 .text.main     0x0000030c       0x94 Output/blinky_blank_pca10040 Debug/Obj/main.o
                0x0000030c                main
 .text.nrf_delay_ms
                0x000003a0       0xa4 Output/blinky_blank_pca10040 Debug/Obj/nrf_delay.o
                0x000003a0                nrf_delay_ms
 .text.NVIC_SystemReset
                0x00000444       0x28 Output/blinky_blank_pca10040 Debug/Obj/system_nrf52.o
 .text.SystemCoreClockUpdate
                0x0000046c       0x1c Output/blinky_blank_pca10040 Debug/Obj/system_nrf52.o
                0x0000046c                SystemCoreClockUpdate
 .text.SystemInit
                0x00000488      0x1f0 Output/blinky_blank_pca10040 Debug/Obj/system_nrf52.o
                0x00000488                SystemInit
 .text.errata_31
                0x00000678       0x8c Output/blinky_blank_pca10040 Debug/Obj/system_nrf52.o
 .text.errata_32
                0x00000704       0x54 Output/blinky_blank_pca10040 Debug/Obj/system_nrf52.o
 .text.errata_36
                0x00000758       0x8c Output/blinky_blank_pca10040 Debug/Obj/system_nrf52.o
 .text.errata_37
                0x000007e4       0x54 Output/blinky_blank_pca10040 Debug/Obj/system_nrf52.o
 .text.errata_66
                0x00000838       0x54 Output/blinky_blank_pca10040 Debug/Obj/system_nrf52.o
                0x0000088c                __text_end__ = (__text_start__ + SIZEOF (.text))
                0x000005f0                __text_size__ = SIZEOF (.text)
                0x0000088c                __text_load_end__ = __text_end__

.vfp11_veneer   0x00000000        0x0
 .vfp11_veneer  0x00000000        0x0 linker stubs

.v4_bx          0x00000000        0x0
 .v4_bx         0x00000000        0x0 linker stubs

.iplt           0x00000000        0x0
 .iplt          0x00000000        0x0 Output/blinky_blank_pca10040 Debug/Obj/main.o
                0x00000001                . = ASSERT (((__text_start__ == __text_end__) || ((__text_end__ >= __FLASH_segment_start__) && (__text_end__ <= __FLASH_segment_end__))), error: .text is too large to fit in FLASH memory segment)
                0x0000088c                __dtors_load_start__ = ALIGN (__text_end__, 0x4)

.dtors          0x0000088c        0x0
                0x0000088c                __dtors_start__ = .
 *(SORT(.dtors.*))
 *(.dtors)
 *(.fini_array)
 *(SORT(.fini_array.*))
                0x0000088c                __dtors_end__ = (__dtors_start__ + SIZEOF (.dtors))
                0x00000000                __dtors_size__ = SIZEOF (.dtors)
                0x0000088c                __dtors_load_end__ = __dtors_end__
                0x00000001                . = ASSERT (((__dtors_start__ == __dtors_end__) || ((__dtors_end__ >= __FLASH_segment_start__) && (__dtors_end__ <= __FLASH_segment_end__))), error: .dtors is too large to fit in FLASH memory segment)
                0x0000088c                __ctors_load_start__ = ALIGN (__dtors_end__, 0x4)

.ctors          0x0000088c        0x0
                0x0000088c                __ctors_start__ = .
 *(SORT(.ctors.*))
 *(.ctors)
 *(.init_array)
 *(SORT(.init_array.*))
                0x0000088c                __ctors_end__ = (__ctors_start__ + SIZEOF (.ctors))
                0x00000000                __ctors_size__ = SIZEOF (.ctors)
                0x0000088c                __ctors_load_end__ = __ctors_end__
                0x00000001                . = ASSERT (((__ctors_start__ == __ctors_end__) || ((__ctors_end__ >= __FLASH_segment_start__) && (__ctors_end__ <= __FLASH_segment_end__))), error: .ctors is too large to fit in FLASH memory segment)
                0x0000088c                __rodata_load_start__ = ALIGN (__ctors_end__, 0x4)

.rodata         0x0000088c        0x4
                0x0000088c                __rodata_start__ = .
 *(.rodata .rodata.* .gnu.linkonce.r.*)
 .rodata.leds_list
                0x0000088c        0x4 Output/blinky_blank_pca10040 Debug/Obj/main.o
                0x0000088c                leds_list
                0x00000890                __rodata_end__ = (__rodata_start__ + SIZEOF (.rodata))
                0x00000004                __rodata_size__ = SIZEOF (.rodata)
                0x00000890                __rodata_load_end__ = __rodata_end__

.rel.dyn        0x00000000        0x0
 .rel.iplt      0x00000000        0x0 Output/blinky_blank_pca10040 Debug/Obj/main.o
                0x00000001                . = ASSERT (((__rodata_start__ == __rodata_end__) || ((__rodata_end__ >= __FLASH_segment_start__) && (__rodata_end__ <= __FLASH_segment_end__))), error: .rodata is too large to fit in FLASH memory segment)
                0x00000890                __ARM.exidx_load_start__ = ALIGN (__rodata_end__, 0x4)

.ARM.exidx      0x00000890        0x0
                0x00000890                __ARM.exidx_start__ = .
                0x00000890                __exidx_start = __ARM.exidx_start__
 *(.ARM.exidx .ARM.exidx.*)
                0x00000890                __ARM.exidx_end__ = (__ARM.exidx_start__ + SIZEOF (.ARM.exidx))
                0x00000000                __ARM.exidx_size__ = SIZEOF (.ARM.exidx)
                0x00000890                __exidx_end = __ARM.exidx_end__
                0x00000890                __ARM.exidx_load_end__ = __ARM.exidx_end__
                0x00000001                . = ASSERT (((__ARM.exidx_start__ == __ARM.exidx_end__) || ((__ARM.exidx_end__ >= __FLASH_segment_start__) && (__ARM.exidx_end__ <= __FLASH_segment_end__))), error: .ARM.exidx is too large to fit in FLASH memory segment)
                0x00000890                __fast_load_start__ = ALIGN (__ARM.exidx_end__, 0x4)

.fast           0x20000000        0x0 load address 0x00000890
                0x20000000                __fast_start__ = .
 *(.fast .fast.*)
                0x20000000                __fast_end__ = (__fast_start__ + SIZEOF (.fast))
                0x00000000                __fast_size__ = SIZEOF (.fast)
                0x00000890                __fast_load_end__ = (__fast_load_start__ + SIZEOF (.fast))
                0x00000001                . = ASSERT (((__fast_load_start__ == __fast_load_end__) || ((__fast_load_end__ >= __FLASH_segment_start__) && (__fast_load_end__ <= __FLASH_segment_end__))), error: .fast is too large to fit in FLASH memory segment)

.fast_run       0x20000000        0x0
                0x20000000                __fast_run_start__ = .
                0x20000000                . = MAX ((__fast_run_start__ + SIZEOF (.fast)), .)
                0x20000000                __fast_run_end__ = (__fast_run_start__ + SIZEOF (.fast_run))
                0x00000000                __fast_run_size__ = SIZEOF (.fast_run)
                0x20000000                __fast_run_load_end__ = __fast_run_end__
                0x00000001                . = ASSERT (((__fast_run_start__ == __fast_run_end__) || ((__fast_run_end__ >= __SRAM_segment_start__) && (__fast_run_end__ <= __SRAM_segment_end__))), error: .fast_run is too large to fit in SRAM memory segment)
                0x00000890                __data_load_start__ = ALIGN ((__fast_load_start__ + SIZEOF (.fast)), 0x4)

.data           0x20000000        0x4 load address 0x00000890
                0x20000000                __data_start__ = .
 *(.data .data.* .gnu.linkonce.d.*)
 .data.SystemCoreClock
                0x20000000        0x4 Output/blinky_blank_pca10040 Debug/Obj/system_nrf52.o
                0x20000000                SystemCoreClock
                0x20000004                __data_end__ = (__data_start__ + SIZEOF (.data))
                0x00000004                __data_size__ = SIZEOF (.data)
                0x00000894                __data_load_end__ = (__data_load_start__ + SIZEOF (.data))

.igot.plt       0x00000000        0x0
 .igot.plt      0x00000000        0x0 Output/blinky_blank_pca10040 Debug/Obj/main.o
                0x00000001                . = ASSERT (((__data_load_start__ == __data_load_end__) || ((__data_load_end__ >= __FLASH_segment_start__) && (__data_load_end__ <= __FLASH_segment_end__))), error: .data is too large to fit in FLASH memory segment)

.data_run       0x20000000        0x4 load address 0x00000890
                0x20000000                __data_run_start__ = .
                0x20000004                . = MAX ((__data_run_start__ + SIZEOF (.data)), .)
 *fill*         0x20000000        0x4 
                0x20000004                __data_run_end__ = (__data_run_start__ + SIZEOF (.data_run))
                0x00000004                __data_run_size__ = SIZEOF (.data_run)
                0x20000004                __data_run_load_end__ = __data_run_end__
                0x00000001                . = ASSERT (((__data_run_start__ == __data_run_end__) || ((__data_run_end__ >= __SRAM_segment_start__) && (__data_run_end__ <= __SRAM_segment_end__))), error: .data_run is too large to fit in SRAM memory segment)
                0x00000894                __tdata_load_start__ = ALIGN ((__data_load_start__ + SIZEOF (.data)), 0x4)

.tdata          0x20000004        0x0 load address 0x00000894
                0x20000004                __tdata_start__ = .
 *(.tdata .tdata.*)
                0x20000004                __tdata_end__ = (__tdata_start__ + SIZEOF (.tdata))
                0x00000000                __tdata_size__ = SIZEOF (.tdata)
                0x00000894                __tdata_load_end__ = (__tdata_load_start__ + SIZEOF (.tdata))
                0x00000894                __FLASH_segment_used_end__ = (ALIGN ((__data_load_start__ + SIZEOF (.data)), 0x4) + SIZEOF (.tdata))
                0x00000894                __FLASH_segment_used_size__ = (__FLASH_segment_used_end__ - __FLASH_segment_start__)
                0x00000001                . = ASSERT (((__tdata_load_start__ == __tdata_load_end__) || ((__tdata_load_end__ >= __FLASH_segment_start__) && (__tdata_load_end__ <= __FLASH_segment_end__))), error: .tdata is too large to fit in FLASH memory segment)

.tdata_run      0x20000004        0x0
                0x20000004                __tdata_run_start__ = .
                0x20000004                . = MAX ((__tdata_run_start__ + SIZEOF (.tdata)), .)
                0x20000004                __tdata_run_end__ = (__tdata_run_start__ + SIZEOF (.tdata_run))
                0x00000000                __tdata_run_size__ = SIZEOF (.tdata_run)
                0x20000004                __tdata_run_load_end__ = __tdata_run_end__
                0x00000001                . = ASSERT (((__tdata_run_start__ == __tdata_run_end__) || ((__tdata_run_end__ >= __SRAM_segment_start__) && (__tdata_run_end__ <= __SRAM_segment_end__))), error: .tdata_run is too large to fit in SRAM memory segment)
                0x20000004                __bss_load_start__ = ALIGN (__tdata_run_end__, 0x4)

.bss            0x20000004        0x0
                0x20000004                __bss_start__ = .
 *(.bss .bss.* .gnu.linkonce.b.*)
 *(COMMON)
                0x20000004                __bss_end__ = (__bss_start__ + SIZEOF (.bss))
                0x00000000                __bss_size__ = SIZEOF (.bss)
                0x20000004                __bss_load_end__ = __bss_end__
                0x00000001                . = ASSERT (((__bss_start__ == __bss_end__) || ((__bss_end__ >= __SRAM_segment_start__) && (__bss_end__ <= __SRAM_segment_end__))), error: .bss is too large to fit in SRAM memory segment)
                0x20000004                __tbss_load_start__ = ALIGN (__bss_end__, 0x4)

.tbss           0x20000004        0x0
                0x20000004                __tbss_start__ = .
 *(.tbss .tbss.*)
                0x20000004                __tbss_end__ = (__tbss_start__ + SIZEOF (.tbss))
                0x00000000                __tbss_size__ = SIZEOF (.tbss)
                0x20000004                __tbss_load_end__ = __tbss_end__
                0x00000001                . = ASSERT (((__tbss_start__ == __tbss_end__) || ((__tbss_end__ >= __SRAM_segment_start__) && (__tbss_end__ <= __SRAM_segment_end__))), error: .tbss is too large to fit in SRAM memory segment)
                0x20000004                __non_init_load_start__ = ALIGN (__tbss_end__, 0x4)

.non_init       0x20000004        0x0
                0x20000004                __non_init_start__ = .
 *(.non_init .non_init.*)
                0x20000004                __non_init_end__ = (__non_init_start__ + SIZEOF (.non_init))
                0x00000000                __non_init_size__ = SIZEOF (.non_init)
                0x20000004                __non_init_load_end__ = __non_init_end__
                0x00000001                . = ASSERT (((__non_init_start__ == __non_init_end__) || ((__non_init_end__ >= __SRAM_segment_start__) && (__non_init_end__ <= __SRAM_segment_end__))), error: .non_init is too large to fit in SRAM memory segment)
                0x20000004                __heap_load_start__ = ALIGN (__non_init_end__, 0x4)

.heap           0x20000004      0x400
                0x20000004                __heap_start__ = .
 *(.heap .heap.*)
                0x20000404                . = ALIGN (MAX ((__heap_start__ + __HEAPSIZE__), .), 0x4)
 *fill*         0x20000004      0x400 
                0x20000404                __heap_end__ = (__heap_start__ + SIZEOF (.heap))
                0x00000400                __heap_size__ = SIZEOF (.heap)
                0x20000404                __heap_load_end__ = __heap_end__
                0x00000001                . = ASSERT (((__heap_start__ == __heap_end__) || ((__heap_end__ >= __SRAM_segment_start__) && (__heap_end__ <= __SRAM_segment_end__))), error: .heap is too large to fit in SRAM memory segment)
                0x2000fc00                __stack_load_start__ = (__SRAM_segment_end__ - 0x400)

.stack          0x2000fc00      0x400
                0x2000fc00                __stack_start__ = .
 *(.stack .stack.*)
                0x20010000                . = ALIGN (MAX ((__stack_start__ + __STACKSIZE__), .), 0x8)
 *fill*         0x2000fc00      0x400 
                0x20010000                __stack_end__ = (__stack_start__ + SIZEOF (.stack))
                0x00000400                __stack_size__ = SIZEOF (.stack)
                0x20010000                __stack_load_end__ = __stack_end__
                0x00000001                . = ASSERT (((__stack_start__ == __stack_end__) || ((__stack_end__ >= __SRAM_segment_start__) && (__stack_end__ <= __SRAM_segment_end__))), error: .stack is too large to fit in SRAM memory segment)
                0x20010000                __stack_process_load_start__ = ALIGN (__stack_end__, 0x8)

.stack_process  0x20010000        0x0
                0x20010000                __stack_process_start__ = .
 *(.stack_process .stack_process.*)
                0x20010000                . = ALIGN (MAX ((__stack_process_start__ + __STACKSIZE_PROCESS__), .), 0x8)
                0x20010000                __stack_process_end__ = (__stack_process_start__ + SIZEOF (.stack_process))
                0x00000000                __stack_process_size__ = SIZEOF (.stack_process)
                0x20010000                __stack_process_load_end__ = __stack_process_end__
                0x20010000                __SRAM_segment_used_end__ = (ALIGN (__stack_end__, 0x8) + SIZEOF (.stack_process))
                0x00010000                __SRAM_segment_used_size__ = (__SRAM_segment_used_end__ - __SRAM_segment_start__)
                0x00000001                . = ASSERT (((__stack_process_start__ == __stack_process_end__) || ((__stack_process_end__ >= __SRAM_segment_start__) && (__stack_process_end__ <= __SRAM_segment_end__))), error: .stack_process is too large to fit in SRAM memory segment)
START GROUP
LOAD Output/blinky_blank_pca10040 Debug/Obj/main.o
LOAD Output/blinky_blank_pca10040 Debug/Obj/nrf_delay.o
LOAD Output/blinky_blank_pca10040 Debug/Obj/SEGGER_RTT.o
LOAD Output/blinky_blank_pca10040 Debug/Obj/SEGGER_RTT_SES.o
LOAD Output/blinky_blank_pca10040 Debug/Obj/thumb_crt0.o
LOAD Output/blinky_blank_pca10040 Debug/Obj/system_nrf52.o
LOAD Output/blinky_blank_pca10040 Debug/Obj/ses_nrf52_startup.o
LOAD C:/Program Files (x86)/SEGGER/SEGGER Embedded Studio 2.14/lib/libdebugio_mempoll_v7em_t_le_eabi.a
LOAD C:/Program Files (x86)/SEGGER/SEGGER Embedded Studio 2.14/lib/libm_v7em_t_le_eabi.a
LOAD C:/Program Files (x86)/SEGGER/SEGGER Embedded Studio 2.14/lib/libc_v7em_t_le_eabi.a
LOAD C:/Program Files (x86)/SEGGER/SEGGER Embedded Studio 2.14/lib/libcpp_v7em_t_le_eabi.a
LOAD C:/Program Files (x86)/SEGGER/SEGGER Embedded Studio 2.14/lib/libdebugio_v7em_t_le_eabi.a
LOAD C:/Program Files (x86)/SEGGER/SEGGER Embedded Studio 2.14/lib/libvfprintf_v7em_t_le_eabi.o
LOAD C:/Program Files (x86)/SEGGER/SEGGER Embedded Studio 2.14/lib/libvfscanf_v7em_t_le_eabi.o
END GROUP
OUTPUT(Output/Debug/Exe/blinky_blank_pca10040.elf elf32-littlearm)

.debug_frame    0x00000000      0x278
 .debug_frame   0x00000000       0xb4 Output/blinky_blank_pca10040 Debug/Obj/main.o
 .debug_frame   0x000000b4       0x50 Output/blinky_blank_pca10040 Debug/Obj/nrf_delay.o
 .debug_frame   0x00000104      0x174 Output/blinky_blank_pca10040 Debug/Obj/system_nrf52.o

.debug_info     0x00000000     0x1398
 .debug_info    0x00000000      0x39d Output/blinky_blank_pca10040 Debug/Obj/main.o
 .debug_info    0x0000039d      0x113 Output/blinky_blank_pca10040 Debug/Obj/nrf_delay.o
 .debug_info    0x000004b0       0xe0 Output/blinky_blank_pca10040 Debug/Obj/thumb_crt0.o
 .debug_info    0x00000590      0xcf0 Output/blinky_blank_pca10040 Debug/Obj/system_nrf52.o
 .debug_info    0x00001280      0x118 Output/blinky_blank_pca10040 Debug/Obj/ses_nrf52_startup.o

.debug_abbrev   0x00000000      0x428
 .debug_abbrev  0x00000000      0x181 Output/blinky_blank_pca10040 Debug/Obj/main.o
 .debug_abbrev  0x00000181       0xd3 Output/blinky_blank_pca10040 Debug/Obj/nrf_delay.o
 .debug_abbrev  0x00000254       0x12 Output/blinky_blank_pca10040 Debug/Obj/thumb_crt0.o
 .debug_abbrev  0x00000266      0x1ae Output/blinky_blank_pca10040 Debug/Obj/system_nrf52.o
 .debug_abbrev  0x00000414       0x14 Output/blinky_blank_pca10040 Debug/Obj/ses_nrf52_startup.o

.debug_pubnames
                0x00000000      0x2fc
 .debug_pubnames
                0x00000000      0x214 Output/blinky_blank_pca10040 Debug/Obj/main.o
 .debug_pubnames
                0x00000214       0x34 Output/blinky_blank_pca10040 Debug/Obj/nrf_delay.o
 .debug_pubnames
                0x00000248       0xb4 Output/blinky_blank_pca10040 Debug/Obj/system_nrf52.o

.debug_pubtypes
                0x00000000      0x3c6
 .debug_pubtypes
                0x00000000      0x15d Output/blinky_blank_pca10040 Debug/Obj/main.o
 .debug_pubtypes
                0x0000015d       0xdb Output/blinky_blank_pca10040 Debug/Obj/nrf_delay.o
 .debug_pubtypes
                0x00000238      0x18e Output/blinky_blank_pca10040 Debug/Obj/system_nrf52.o

.debug_aranges  0x00000000      0x170
 .debug_aranges
                0x00000000       0x30 Output/blinky_blank_pca10040 Debug/Obj/main.o
 .debug_aranges
                0x00000030       0x20 Output/blinky_blank_pca10040 Debug/Obj/nrf_delay.o
 .debug_aranges
                0x00000050       0xa8 Output/blinky_blank_pca10040 Debug/Obj/thumb_crt0.o
 .debug_aranges
                0x000000f8       0x58 Output/blinky_blank_pca10040 Debug/Obj/system_nrf52.o
 .debug_aranges
                0x00000150       0x20 Output/blinky_blank_pca10040 Debug/Obj/ses_nrf52_startup.o

.debug_ranges   0x00000000      0x118
 .debug_ranges  0x00000000       0x20 Output/blinky_blank_pca10040 Debug/Obj/main.o
 .debug_ranges  0x00000020       0x10 Output/blinky_blank_pca10040 Debug/Obj/nrf_delay.o
 .debug_ranges  0x00000030       0xa0 Output/blinky_blank_pca10040 Debug/Obj/thumb_crt0.o
 .debug_ranges  0x000000d0       0x48 Output/blinky_blank_pca10040 Debug/Obj/system_nrf52.o

.debug_macro    0x00000000     0xfc66
 .debug_macro   0x00000000       0xb9 Output/blinky_blank_pca10040 Debug/Obj/main.o
 .debug_macro   0x000000b9      0x8ec Output/blinky_blank_pca10040 Debug/Obj/main.o
 .debug_macro   0x000009a5       0x22 Output/blinky_blank_pca10040 Debug/Obj/main.o
 .debug_macro   0x000009c7      0x189 Output/blinky_blank_pca10040 Debug/Obj/main.o
 .debug_macro   0x00000b50       0x1c Output/blinky_blank_pca10040 Debug/Obj/main.o
 .debug_macro   0x00000b6c       0x2d Output/blinky_blank_pca10040 Debug/Obj/main.o
 .debug_macro   0x00000b99       0x3b Output/blinky_blank_pca10040 Debug/Obj/main.o
 .debug_macro   0x00000bd4       0x2d Output/blinky_blank_pca10040 Debug/Obj/main.o
 .debug_macro   0x00000c01       0x26 Output/blinky_blank_pca10040 Debug/Obj/main.o
 .debug_macro   0x00000c27      0xd39 Output/blinky_blank_pca10040 Debug/Obj/main.o
 .debug_macro   0x00001960      0x384 Output/blinky_blank_pca10040 Debug/Obj/main.o
 .debug_macro   0x00001ce4     0xc79e Output/blinky_blank_pca10040 Debug/Obj/main.o
 .debug_macro   0x0000e482     0x12c7 Output/blinky_blank_pca10040 Debug/Obj/main.o
 .debug_macro   0x0000f749       0x1c Output/blinky_blank_pca10040 Debug/Obj/main.o
 .debug_macro   0x0000f765       0x10 Output/blinky_blank_pca10040 Debug/Obj/main.o
 .debug_macro   0x0000f775      0x27f Output/blinky_blank_pca10040 Debug/Obj/main.o
 .debug_macro   0x0000f9f4       0x22 Output/blinky_blank_pca10040 Debug/Obj/main.o
 .debug_macro   0x0000fa16       0xac Output/blinky_blank_pca10040 Debug/Obj/nrf_delay.o
 .debug_macro   0x0000fac2       0x89 Output/blinky_blank_pca10040 Debug/Obj/nrf_delay.o
 .debug_macro   0x0000fb4b       0x55 Output/blinky_blank_pca10040 Debug/Obj/nrf_delay.o
 .debug_macro   0x0000fba0       0x28 Output/blinky_blank_pca10040 Debug/Obj/nrf_delay.o
 .debug_macro   0x0000fbc8       0x9e Output/blinky_blank_pca10040 Debug/Obj/system_nrf52.o

.debug_line     0x00000000      0xdc7
 .debug_line    0x00000000      0x35a Output/blinky_blank_pca10040 Debug/Obj/main.o
 .debug_line    0x0000035a      0x307 Output/blinky_blank_pca10040 Debug/Obj/nrf_delay.o
 .debug_line    0x00000661      0x232 Output/blinky_blank_pca10040 Debug/Obj/thumb_crt0.o
 .debug_line    0x00000893      0x44d Output/blinky_blank_pca10040 Debug/Obj/system_nrf52.o
 .debug_line    0x00000ce0       0xe7 Output/blinky_blank_pca10040 Debug/Obj/ses_nrf52_startup.o

.debug_str      0x00000000    0x598e4
 .debug_str     0x00000000    0x59026 Output/blinky_blank_pca10040 Debug/Obj/main.o
                              0x59993 (size before relaxing)
 .debug_str     0x00059026      0x3ee Output/blinky_blank_pca10040 Debug/Obj/nrf_delay.o
                              0x58ef2 (size before relaxing)
 .debug_str     0x00059414      0x4d0 Output/blinky_blank_pca10040 Debug/Obj/system_nrf52.o
                              0x5903c (size before relaxing)

.comment        0x00000000       0x4e
 .comment       0x00000000       0x4e Output/blinky_blank_pca10040 Debug/Obj/main.o
                                 0x4f (size before relaxing)
 .comment       0x00000000       0x4f Output/blinky_blank_pca10040 Debug/Obj/nrf_delay.o
 .comment       0x00000000       0x4f Output/blinky_blank_pca10040 Debug/Obj/system_nrf52.o

.ARM.attributes
                0x00000000       0x31
 .ARM.attributes
                0x00000000       0x33 Output/blinky_blank_pca10040 Debug/Obj/main.o
 .ARM.attributes
                0x00000033       0x33 Output/blinky_blank_pca10040 Debug/Obj/nrf_delay.o
 .ARM.attributes
                0x00000066       0x21 Output/blinky_blank_pca10040 Debug/Obj/thumb_crt0.o
 .ARM.attributes
                0x00000087       0x33 Output/blinky_blank_pca10040 Debug/Obj/system_nrf52.o
 .ARM.attributes
                0x000000ba       0x21 Output/blinky_blank_pca10040 Debug/Obj/ses_nrf52_startup.o
